Microchip Technology Inc, v1.26 (A)

Tool Name:
  c:\program files (x86)\microchip\xc16\v1.26\bin\bin\..\bin/elf-ld.exe

Command:
  -p33EP512MU810 \
  -o \
  dist/default/production/1.production.elf \
  -Lc:/program files (x86)/microchip/xc16/v1.26/bin/bin/.. \
  -Lc:/program files (x86)/microchip/xc16/v1.26/bin/bin/../../lib \
  -Lc:/program files (x86)/microchip/xc16/v1.26/bin/bin/../../lib/PIC24E \
  -Lc:/program files (x86)/microchip/xc16/v1.26/bin/bin/../../support/PIC24E/gld \
  -Lc:/program files (x86)/microchip/xc16/v1.26/bin/bin/../../lib/PIC24F \
  -Lc:/program files (x86)/microchip/xc16/v1.26/bin/bin/../../support/PIC24F/gld \
  -Lc:/program files (x86)/microchip/xc16/v1.26/bin/bin/../../lib/PIC24H \
  -Lc:/program files (x86)/microchip/xc16/v1.26/bin/bin/../../support/PIC24H/gld \
  -Lc:/program files (x86)/microchip/xc16/v1.26/bin/bin/../../lib/dsPIC30F \
  -Lc:/program files (x86)/microchip/xc16/v1.26/bin/bin/../../support/dsPIC30F/gld \
  -Lc:/program files (x86)/microchip/xc16/v1.26/bin/bin/../../lib/dsPIC33E \
  -Lc:/program files (x86)/microchip/xc16/v1.26/bin/bin/../../support/dsPIC33E/gld \
  -Lc:/program files (x86)/microchip/xc16/v1.26/bin/bin/../../lib/dsPIC33F \
  -Lc:/program files (x86)/microchip/xc16/v1.26/bin/bin/../../support/dsPIC33F/gld \
  build/default/production/MAVLink/include/bittest.o \
  build/default/production/SD-SPI.o \
  build/default/production/FSIO.o \
  build/default/production/flash.o \
  build/default/production/data_storage.o \
  build/default/production/main.o \
  build/default/production/I2C2.o \
  build/default/production/events.o \
  build/default/production/analog2digital.o \
  build/default/production/I2C.o \
  build/default/production/InputCapture.o \
  build/default/production/Interrupts.o \
  build/default/production/LCD.o \
  build/default/production/LED.o \
  build/default/production/MAVLink.o \
  build/default/production/MAVParams.o \
  build/default/production/Mixer.o \
  build/default/production/Oszillator.o \
  build/default/production/PID.o \
  build/default/production/PWM.o \
  build/default/production/Pins.o \
  build/default/production/RPi.o \
  build/default/production/SPI-SD.o \
  build/default/production/SRF02.o \
  build/default/production/Testfunktionen.o \
  build/default/production/Timer.o \
  build/default/production/UART.o \
  build/default/production/UM7.o \
  build/default/production/autopilot.o \
  build/default/production/config.o \
  build/default/production/data_services.o \
  build/default/production/eeprom_udb4.o \
  build/default/production/minIni.o \
  build/default/production/nv_memory_table.o \
  build/default/production/parameter_table.o \
  build/default/production/parameter_table2.o \
  build/default/production/parameter_table_init.o \
  build/default/production/serial.o \
  build/default/production/servoPrepare.o \
  build/default/production/state.o \
  build/default/production/usart.o \
  build/default/production/MPL3115A2_Barometer.o \
  build/default/production/Filter.o \
  build/default/production/height_fusion.o \
  build/default/production/matrix_calculator.o \
  build/default/production/UART1_K6.o \
  --local-stack \
  --defsym=__MPLAB_BUILD=1 \
  -Tp33EP512MU810.gld.00 \
  --stack=16 \
  --check-sections \
  --data-init \
  --pack-data \
  --handles \
  --isr \
  --no-gc-sections \
  --fill-upper=0 \
  --stackguard=16 \
  --no-force-link \
  --smart-io \
  -Map=dist/default/production/1.production.map \
  --report-mem \
  --memorysummary \
  dist/default/production/memoryfile.xml \
  -start-group \
  --library=lega-pic30-elf \
  --library=m-elf \
  --library=lega-c-elf \
  -end-group \

Archive member included because of file (symbol)

c:/program files (x86)/microchip/xc16/v1.26/bin/bin/../../lib/dsPIC33E\libp33EP512MU810-elf.a(CloseDMA0.o)
                              build/default/production/usart.o (_CloseDMA0)
c:/program files (x86)/microchip/xc16/v1.26/bin/bin/../../lib/dsPIC33E\libp33EP512MU810-elf.a(CloseDMA1.o)
                              build/default/production/usart.o (_CloseDMA1)
c:/program files (x86)/microchip/xc16/v1.26/bin/bin/../../lib/dsPIC33E\libp33EP512MU810-elf.a(ConfigIntDMA0.o)
                              build/default/production/usart.o (_ConfigIntDMA0)
c:/program files (x86)/microchip/xc16/v1.26/bin/bin/../../lib/dsPIC33E\libp33EP512MU810-elf.a(ConfigIntDMA1.o)
                              build/default/production/usart.o (_ConfigIntDMA1)
c:/program files (x86)/microchip/xc16/v1.26/bin/bin/../../lib/dsPIC33E\libp33EP512MU810-elf.a(OpenDMA0.o)
                              build/default/production/usart.o (_OpenDMA0)
c:/program files (x86)/microchip/xc16/v1.26/bin/bin/../../lib/dsPIC33E\libp33EP512MU810-elf.a(OpenDMA1.o)
                              build/default/production/usart.o (_OpenDMA1)
[...]
Memory Configuration

Name             Origin             Length             Attributes
data             0x001000           0x00d000           a !xr
reset            0x000000           0x000004  
ivt              0x000004           0x0001fc  
program          0x000200           0x055600           xr
auxflash         0x7fc000           0x003ffa           xr
FGS              0xf80004           0x000002  
FOSCSEL          0xf80006           0x000002  
FOSC             0xf80008           0x000002  
FWDT             0xf8000a           0x000002  
FPOR             0xf8000c           0x000002  
FICD             0xf8000e           0x000002  
FAS              0xf80010           0x000002  
FUID0            0xf80012           0x000002  
*default*        0x000000           0xffffffff  
aivt             0x000000           0xffffffff  

Linker script and memory map

LOAD build/default/production/MAVLink/include/bittest.o
LOAD build/default/production/SD-SPI.o
LOAD build/default/production/FSIO.o
LOAD build/default/production/flash.o
LOAD build/default/production/data_storage.o
LOAD build/default/production/main.o
LOAD build/default/production/I2C2.o
LOAD build/default/production/events.o
LOAD build/default/production/analog2digital.o
LOAD build/default/production/I2C.o
LOAD build/default/production/InputCapture.o
LOAD build/default/production/Interrupts.o
LOAD build/default/production/LCD.o
LOAD build/default/production/LED.o
LOAD build/default/production/MAVLink.o
LOAD build/default/production/MAVParams.o
LOAD build/default/production/Mixer.o
LOAD build/default/production/Oszillator.o
LOAD build/default/production/PID.o
LOAD build/default/production/PWM.o
LOAD build/default/production/Pins.o
LOAD build/default/production/RPi.o
LOAD build/default/production/SPI-SD.o
LOAD build/default/production/SRF02.o
LOAD build/default/production/Testfunktionen.o
LOAD build/default/production/Timer.o
LOAD build/default/production/UART.o
LOAD build/default/production/UM7.o
LOAD build/default/production/autopilot.o
LOAD build/default/production/config.o
LOAD build/default/production/data_services.o
LOAD build/default/production/eeprom_udb4.o
LOAD build/default/production/minIni.o
LOAD build/default/production/nv_memory_table.o
LOAD build/default/production/parameter_table.o
LOAD build/default/production/parameter_table2.o
LOAD build/default/production/parameter_table_init.o
LOAD build/default/production/serial.o
LOAD build/default/production/servoPrepare.o
LOAD build/default/production/state.o
LOAD build/default/production/usart.o
LOAD build/default/production/MPL3115A2_Barometer.o
LOAD build/default/production/Filter.o
LOAD build/default/production/height_fusion.o
LOAD build/default/production/matrix_calculator.o
LOAD build/default/production/UART1_K6.o
                    0x0001                  __MPLAB_BUILD = 0x1
LOAD c:/program files (x86)/microchip/xc16/v1.26/bin/bin/../../lib/dsPIC33E\libp33EP512MU810-elf.a
LOAD c:/program files (x86)/microchip/xc16/v1.26/bin/bin/../../lib\libfx-elf.a
                    0xf80004                  __FGS = 0xf80004
                    0xf80006                  __FOSCSEL = 0xf80006
                    0xf80008                  __FOSC = 0xf80008
                    0xf8000a                  __FWDT = 0xf8000a
                    0xf8000c                  __FPOR = 0xf8000c
                    0xf8000e                  __FICD = 0xf8000e
                    0xf80010                  __FAS = 0xf80010
                    0xf80012                  __FUID0 = 0xf80012
                    0x7fc000                  __CODE_BASE = 0x7fc000
                    0x3ffa                  __CODE_LENGTH = 0x3ffa
                    0x0004                  __IVT_BASE = 0x4
                    0x1000                  __DATA_BASE = 0x1000
                    0xd000                  __DATA_LENGTH = 0xd000
                    0x9000                  __YDATA_BASE = 0x9000
                    0xd000                  __DMA_BASE = 0xd000
                    0xdfff                  __DMA_END = 0xdfff

.reset            0x000000          0x4
                  0x000000          0x2 SHORT 0x200 ABSOLUTE (__reset)
                  0x000001          0x2 SHORT 0x4
                  0x000002          0x2 SHORT 0x0 ((ABSOLUTE (__reset) >> 0x10) & 0x7f)
                  0x000003          0x2 SHORT 0x0

.text             0x000200       0x2f34
 *(.init)
 .init            0x000200         0x38 c:/program files (x86)/microchip/xc16/v1.26/bin/bin/../../lib\liblega-pic30-elf.a(crt0_extendedep.o)
                  0x000200                  __resetPRI
                  0x000200                  __reset
                  0x00022c                  __psv_init
 .init            0x000238         0xa8 c:/program files (x86)/microchip/xc16/v1.26/bin/bin/../../lib\liblega-pic30-elf.a(data_init_extendedep.o)
                  0x000238                  __data_init
                  0x000238                  __data_init_extended
 *(.user_init)
 *(.handle)
 .handle          0x0002e0         0x94 jump_table
 *(.isr*)
 .isr.text        0x000374        0x252 build/default/production/SPI-SD.o
                  0x000374                  __SPI1Interrupt
                  0x00037c                  __DMA9Interrupt
                  0x000384                  __DMA10Interrupt
                  0x000394                  _delay_ms
                  0x0003bc                  _cfgSPI1
                  0x0003ea                  _cfgDMA9_SPISD_Tx
                  0x000416                  _cfgDMA10_SPISD_Rx
                  0x00043e                  _cfgSPIMD
                  0x00045c                  _initSPISDcommunication
                  0x000468                  _send_data_spi_sd
                  0x000478                  _SD_CMD0
                  0x0004a6                  _SD_CMD1
                  0x0004d4                  _SD_CMD8
                  0x000502                  _SD_CMD13
                  0x000530                  _SD_CMD41
                  0x00055e                  _SD_CMD45
                  0x00058c                  _SD_CMD58
                  0x0005ba                  _SD_init
 .isr.text        0x0005c6        0x18c build/default/production/serial.o
                  0x0005c6                  __U3TXInterrupt
                  0x0005f4                  __U3RXInterrupt
                  0x000626                  _cfgUART3
                  0x000672                  _initSerial
                  0x00067a                  _echoString
                  0x0006b2                  _force_send
                  0x0006bc                  _udb_serial_callback_get_byte_to_send
                  0x0006ea                  _mavlink_serial_send
                  0x00073c                  _mp_mavlink_transmit
                  0x00074a                  _udb_serial_start_sending_data
 .isr             0x000752          0x4 default_isr
                  0x000752                  __DefaultInterrupt
 *(.libc)
 *(.libm)
 *(.libdsp)
 *(.lib*)
 .libperi         0x000756          0x8 c:/program files (x86)/microchip/xc16/v1.26/bin/bin/../../lib/dsPIC33E\libp33EP512MU810-elf.a(CloseDMA0.o)
                  0x000756                  _CloseDMA0
 .libperi         0x00075e          0x8 c:/program files (x86)/microchip/xc16/v1.26/bin/bin/../../lib/dsPIC33E\libp33EP512MU810-elf.a(CloseDMA1.o)
                  0x00075e                  _CloseDMA1
 .libperi         0x000766         0x1c c:/program files (x86)/microchip/xc16/v1.26/bin/bin/../../lib/dsPIC33E\libp33EP512MU810-elf.a(ConfigIntDMA0.o)
                  0x000766                  _ConfigIntDMA0
 .libperi         0x000782         0x24 c:/program files (x86)/microchip/xc16/v1.26/bin/bin/../../lib/dsPIC33E\libp33EP512MU810-elf.a(ConfigIntDMA1.o)
                  0x000782                  _ConfigIntDMA1
 .libperi         0x0007a6         0x14 c:/program files (x86)/microchip/xc16/v1.26/bin/bin/../../lib/dsPIC33E\libp33EP512MU810-elf.a(OpenDMA0.o)
                  0x0007a6                  _OpenDMA0
 .libperi         0x0007ba         0x14 c:/program files (x86)/microchip/xc16/v1.26/bin/bin/../../lib/dsPIC33E\libp33EP512MU810-elf.a(OpenDMA1.o)
                  0x0007ba                  _OpenDMA1
 .libperi         0x0007ce         0x1a c:/program files (x86)/microchip/xc16/v1.26/bin/bin/../../lib/dsPIC33E\libp33EP512MU810-elf.a(IdleI2C1.o)
                  0x0007ce                  _IdleI2C1
 .libperi         0x0007e8          0xc c:/program files (x86)/microchip/xc16/v1.26/bin/bin/../../lib/dsPIC33E\libp33EP512MU810-elf.a(MasterReadI2C1.o)
                  0x0007e8                  _MasterReadI2C1
 .libperi         0x0007f4         0x1c c:/program files (x86)/microchip/xc16/v1.26/bin/bin/../../lib/dsPIC33E\libp33EP512MU810-elf.a(MasterWriteI2C1.o)
                  0x0007f4                  _MasterWriteI2C1
 .libperi         0x000810          0x6 c:/program files (x86)/microchip/xc16/v1.26/bin/bin/../../lib/dsPIC33E\libp33EP512MU810-elf.a(OpenI2C1.o)
                  0x000810                  _OpenI2C1
 .libperi         0x000816          0x4 c:/program files (x86)/microchip/xc16/v1.26/bin/bin/../../lib/dsPIC33E\libp33EP512MU810-elf.a(RestartI2C1.o)
                  0x000816                  _RestartI2C1
 .libperi         0x00081a          0x4 c:/program files (x86)/microchip/xc16/v1.26/bin/bin/../../lib/dsPIC33E\libp33EP512MU810-elf.a(StartI2C1.o)
                  0x00081a                  _StartI2C1
 .libperi         0x00081e          0x4 c:/program files (x86)/microchip/xc16/v1.26/bin/bin/../../lib/dsPIC33E\libp33EP512MU810-elf.a(StopI2C1.o)
                  0x00081e                  _StopI2C1
 .libperi         0x000822          0xa c:/program files (x86)/microchip/xc16/v1.26/bin/bin/../../lib/dsPIC33E\libp33EP512MU810-elf.a(BusyUART3.o)
                  0x000822                  _BusyUART3
 .libperi         0x00082c          0xc c:/program files (x86)/microchip/xc16/v1.26/bin/bin/../../lib/dsPIC33E\libp33EP512MU810-elf.a(CloseUART3.o)
                  0x00082c                  _CloseUART3
 .libperi         0x000838         0x48 c:/program files (x86)/microchip/xc16/v1.26/bin/bin/../../lib/dsPIC33E\libp33EP512MU810-elf.a(ConfigIntUART3.o)
                  0x000838                  _ConfigIntUART3
 .libperi         0x000880          0x6 c:/program files (x86)/microchip/xc16/v1.26/bin/bin/../../lib/dsPIC33E\libp33EP512MU810-elf.a(DataRdyUART3.o)
                  0x000880                  _DataRdyUART3
 .libperi         0x000886          0x8 c:/program files (x86)/microchip/xc16/v1.26/bin/bin/../../lib/dsPIC33E\libp33EP512MU810-elf.a(OpenUART3.o)
                  0x000886                  _OpenUART3
 .libperi         0x00088e         0x28 c:/program files (x86)/microchip/xc16/v1.26/bin/bin/../../lib/dsPIC33E\libp33EP512MU810-elf.a(putsUART3.o)
                  0x00088e                  _putsUART3
 .libperi         0x0008b6         0x12 c:/program files (x86)/microchip/xc16/v1.26/bin/bin/../../lib/dsPIC33E\libp33EP512MU810-elf.a(ReadUART3.o)
                  0x0008b6                  _ReadUART3
 .libm.subsf3     0x0008c8         0xbc c:/program files (x86)/microchip/xc16/v1.26/bin/bin/../../lib\libm-elf.a(addsf3.epeo)
                  0x0008c8                  ___subsf3
                  0x0008ca                  ___addsf3
 .libm.atanf      0x000984         0x3a c:/program files (x86)/microchip/xc16/v1.26/bin/bin/../../lib\libm-elf.a(atan2f.epeo)
                  0x000984                  _atan2f
 .libm.atanf      0x0009be         0xca c:/program files (x86)/microchip/xc16/v1.26/bin/bin/../../lib\libm-elf.a(atanf.epeo)
                  0x0009be                  _atanf
 .libm.cosf       0x000a88          0x4 c:/program files (x86)/microchip/xc16/v1.26/bin/bin/../../lib\libm-elf.a(cosf.epeo)
                  0x000a88                  _cosf
 .libm.divfs3     0x000a8c         0x84 c:/program files (x86)/microchip/xc16/v1.26/bin/bin/../../lib\libm-elf.a(divsf3.epeo)
                  0x000a8c                  ___divsf3
 .libm.divsi3     0x000b10         0x1e c:/program files (x86)/microchip/xc16/v1.26/bin/bin/../../lib\libm-elf.a(divsi3.epeo)
                  0x000b10                  ___divsi3
 .libm.eqsf2      0x000b2e          0x4 c:/program files (x86)/microchip/xc16/v1.26/bin/bin/../../lib\libm-elf.a(feqltle.epeo)
                  0x000b2e                  ___eqsf2
                  0x000b2e                  ___ltsf2
                  0x000b2e                  ___lesf2
 .libm.gtsf2      0x000b32          0x4 c:/program files (x86)/microchip/xc16/v1.26/bin/bin/../../lib\libm-elf.a(fgtge.epeo)
                  0x000b32                  ___gesf2
                  0x000b32                  ___gtsf2
 .libm.fixsfsi    0x000b36         0x42 c:/program files (x86)/microchip/xc16/v1.26/bin/bin/../../lib\libm-elf.a(fixsfsi.epeo)
                  0x000b36                  _(float, int, long long, short, float, short, int)
 .libm.fixunssfsi
                  0x000b78         0x36 c:/program files (x86)/microchip/xc16/v1.26/bin/bin/../../lib\libm-elf.a(fixunssfsi.epeo)
                  0x000b78                  ___fixunssfsi
 .libm.floatsisf
                  0x000bae          0x6 c:/program files (x86)/microchip/xc16/v1.26/bin/bin/../../lib\libm-elf.a(floatsisf.epeo)
                  0x000bae                  ___floatsisf
 .libm.floatunsisf
                  0x000bb4          0x4 c:/program files (x86)/microchip/xc16/v1.26/bin/bin/../../lib\libm-elf.a(floatunsisf.epeo)
                  0x000bb4                  ___floatunsisf
 .libm.floorf     0x000bb8         0x10 c:/program files (x86)/microchip/xc16/v1.26/bin/bin/../../lib\libm-elf.a(floorf.epeo)
                  0x000bb8                  _floorf
 .libm.nesf2      0x000bc8          0x4 c:/program files (x86)/microchip/xc16/v1.26/bin/bin/../../lib\libm-elf.a(fne.epeo)
                  0x000bc8                  ___nesf2
 .libm.fpack      0x000bcc         0x4c c:/program files (x86)/microchip/xc16/v1.26/bin/bin/../../lib\libm-elf.a(fpack.epeo)
                  0x000bcc                  __fpack
 .libm.funpack    0x000c18         0x2a c:/program files (x86)/microchip/xc16/v1.26/bin/bin/../../lib\libm-elf.a(funpack.epeo)
                  0x000c18                  __funpack
 .libm.funpack2
                  0x000c42         0x10 c:/program files (x86)/microchip/xc16/v1.26/bin/bin/../../lib\libm-elf.a(funpack2.epeo)
                  0x000c42                  __funpack2
 .libm.fPropagateNaN
                  0x000c52         0x12 c:/program files (x86)/microchip/xc16/v1.26/bin/bin/../../lib\libm-elf.a(futil.epeo)
                  0x000c52                  __fPropagateNaN
 .libm.fbobExit
                  0x000c64          0x8 c:/program files (x86)/microchip/xc16/v1.26/bin/bin/../../lib\libm-elf.a(futil.epeo)
                  0x000c64                  __fbopExit
 .libm.fbopReturnNaN
                  0x000c6c          0x6 c:/program files (x86)/microchip/xc16/v1.26/bin/bin/../../lib\libm-elf.a(futil.epeo)
                  0x000c6c                  __fbopReturnNaN
 .libm.mulsf3     0x000c72         0x68 c:/program files (x86)/microchip/xc16/v1.26/bin/bin/../../lib\libm-elf.a(mulsf3.epeo)
                  0x000c72                  ___mulsf3
 .libm.sincosf    0x000cda         0xd2 c:/program files (x86)/microchip/xc16/v1.26/bin/bin/../../lib\libm-elf.a(sincosf.epeo)
                  0x000cda                  __sincosf
 .libm.sinf       0x000dac          0x4 c:/program files (x86)/microchip/xc16/v1.26/bin/bin/../../lib\libm-elf.a(sinf.epeo)
                  0x000dac                  _sinf
 .libm.udivsi3    0x000db0         0x20 c:/program files (x86)/microchip/xc16/v1.26/bin/bin/../../lib\libm-elf.a(udivsi3.epeo)
                  0x000db0                  ___udivsi3
 .libm.fchop      0x000dd0         0x4e c:/program files (x86)/microchip/xc16/v1.26/bin/bin/../../lib\libm-elf.a(fchop.epeo)
                  0x000dd0                  __fchop
 .libm.fcompare
                  0x000e1e         0x36 c:/program files (x86)/microchip/xc16/v1.26/bin/bin/../../lib\libm-elf.a(fcompare.epeo)
                  0x000e1e                  __fcompare
 .libm.floatdisf
                  0x000e54         0x20 c:/program files (x86)/microchip/xc16/v1.26/bin/bin/../../lib\libm-elf.a(floatdisf.epeo)
                  0x000e54                  ___floatdisf
 .libm.floatundisf
                  0x000e74         0x5e c:/program files (x86)/microchip/xc16/v1.26/bin/bin/../../lib\libm-elf.a(floatundisf.epeo)
                  0x000e74                  ___floatundisf
 .libm.fmodf      0x000ed2          0x4 c:/program files (x86)/microchip/xc16/v1.26/bin/bin/../../lib\libm-elf.a(fmodf.epeo)
                  0x000ed2                  _fmodf
 .libm.fmodrem    0x000ed6         0x9e c:/program files (x86)/microchip/xc16/v1.26/bin/bin/../../lib\libm-elf.a(fmodrem.epeo)
                  0x000ed6                  __fmodrem
 .libc.prout      0x000f74         0x22 c:/program files (x86)/microchip/xc16/v1.26/bin/bin/../../lib\liblega-c-elf.a(vsnprint.EPeo)
                  0x000f74                  vsnprint.EPeo:_prout
 .libc.vsnprintf
                  0x000f96         0x20 c:/program files (x86)/microchip/xc16/v1.26/bin/bin/../../lib\liblega-c-elf.a(vsnprint.EPeo)
                  0x000f96                  _vsnprintf
 .libc._Printf    0x000fb6        0x164 c:/program files (x86)/microchip/xc16/v1.26/bin/bin/../../lib\liblega-c-elf.a(xprintf.EPeo)
                  0x000fb6                  __Printf
 .libc._Putfld    0x00111a        0x2de c:/program files (x86)/microchip/xc16/v1.26/bin/bin/../../lib\liblega-c-elf.a(xputfld.EPeo)
                  0x00111a                  __Putfld
 .libc.tolower    0x0013f8          0xe c:/program files (x86)/microchip/xc16/v1.26/bin/bin/../../lib\liblega-c-elf.a(tolower.EPeso)
                  0x0013f8                  _tolower
 .libc.toupper    0x001406          0xe c:/program files (x86)/microchip/xc16/v1.26/bin/bin/../../lib\liblega-c-elf.a(toupper.EPeso)
                  0x001406                  _toupper
 .libc.memchr     0x001414         0x14 c:/program files (x86)/microchip/xc16/v1.26/bin/bin/../../lib\liblega-c-elf.a(memchr.EPeo)
                  0x001414                  _memchr
 .libc.memcpy     0x001428          0xe c:/program files (x86)/microchip/xc16/v1.26/bin/bin/../../lib\liblega-c-elf.a(memcpy.EPeo)
                  0x001428                  _memcpy
 .libc.memset     0x001436          0xe c:/program files (x86)/microchip/xc16/v1.26/bin/bin/../../lib\liblega-c-elf.a(memset.EPeo)
                  0x001436                  _memset
 .libc.strchr     0x001444         0x18 c:/program files (x86)/microchip/xc16/v1.26/bin/bin/../../lib\liblega-c-elf.a(strchr.EPeo)
                  0x001444                  _strchr
 .libc.strcmp     0x00145c         0x20 c:/program files (x86)/microchip/xc16/v1.26/bin/bin/../../lib\liblega-c-elf.a(strcmp.EPeo)
                  0x00145c                  _strcmp
 .libc.strcpy     0x00147c          0xc c:/program files (x86)/microchip/xc16/v1.26/bin/bin/../../lib\liblega-c-elf.a(strcpy.EPeo)
                  0x00147c                  _strcpy
 .libc.strlen     0x001488          0xc c:/program files (x86)/microchip/xc16/v1.26/bin/bin/../../lib\liblega-c-elf.a(strlen.EPeo)
                  0x001488                  _strlen
 .libc.strncpy    0x001494         0x1e c:/program files (x86)/microchip/xc16/v1.26/bin/bin/../../lib\liblega-c-elf.a(strncpy.EPeo)
                  0x001494                  _strncpy
 .libc._Ldtob     0x0014b2        0x3f2 c:/program files (x86)/microchip/xc16/v1.26/bin/bin/../../lib\liblega-c-elf.a(xldtob.EPeo)
                  0x0014b2                  __Ldtob
 .libc._LDunscale
                  0x0018a4         0x54 c:/program files (x86)/microchip/xc16/v1.26/bin/bin/../../lib\liblega-c-elf.a(xldunsca.EPeo)
                  0x0018a4                  __LDunscale
 .libc._Litob     0x0018f8        0x26e c:/program files (x86)/microchip/xc16/v1.26/bin/bin/../../lib\liblega-c-elf.a(xlitob.EPeo)
                  0x0018f8                  __Litob
 .libc._Puttxt    0x001b66        0x178 c:/program files (x86)/microchip/xc16/v1.26/bin/bin/../../lib\liblega-c-elf.a(xputtxt.EPeo)
                  0x001b66                  __Puttxt
 .libc._Vacopy    0x001cde          0x4 c:/program files (x86)/microchip/xc16/v1.26/bin/bin/../../lib\liblega-c-elf.a(xvacopy.EPeo)
                  0x001cde                  __Vacopy
 .libc.ldiv       0x001ce2         0x2a c:/program files (x86)/microchip/xc16/v1.26/bin/bin/../../lib\liblega-c-elf.a(ldiv.EPelo)
                  0x001ce2                  _ldiv
 .libc._Dnorm     0x001d0c         0x98 c:/program files (x86)/microchip/xc16/v1.26/bin/bin/../../lib\liblega-c-elf.a(xdnorm.EPelo)
                  0x001d0c                  __Dnorm
 .libc._LDscale
                  0x001da4         0xf6 c:/program files (x86)/microchip/xc16/v1.26/bin/bin/../../lib\liblega-c-elf.a(xldscale.EPelo)
                  0x001da4                  __LDscale
 .libc.prout      0x001e9a          0xe c:/program files (x86)/microchip/xc16/v1.26/bin/bin/../../lib\liblega-c-elf.a(sprintf_cdfFnopsuxX.EPeo)
                  0x001e9a                  sprintf_cdfFnopsuxX.EPeo:_prout
 .libc._sprintf_cdfFnopsuxX
                  0x001ea8         0x1e c:/program files (x86)/microchip/xc16/v1.26/bin/bin/../../lib\liblega-c-elf.a(sprintf_cdfFnopsuxX.EPeo)
                  0x001ea8                  __sprintf_cdfFnopuxX
                  0x001ea8                  __sprintf_cdfFnopsuxX
                  0x001ea8                  __sprintf_0
                  0x001ea8                  __sprintf_s
                  0x001ea8                  __sprintf_fF
 .libc.__Printf_cdfFnopsuxX
                  0x001ec6        0x164 c:/program files (x86)/microchip/xc16/v1.26/bin/bin/../../lib\liblega-c-elf.a(xprintf_cdfFnopsuxX.EPeo)
                  0x001ec6                  ___Printf_cdfFnopuxX
                  0x001ec6                  ___Printf_s
                  0x001ec6                  ___Printf_cdfFnopsuxX
                  0x001ec6                  ___Printf_fF
 .libc.__Putfld_cdfFnopsuxX
                  0x00202a        0x2de c:/program files (x86)/microchip/xc16/v1.26/bin/bin/../../lib\liblega-c-elf.a(xputfld_cdfFnopsuxX.EPeo)
                  0x00202a                  ___Putfld_fF
                  0x00202a                  ___Putfld_cdfFnopuxX
                  0x00202a                  ___Putfld_cdfFnopsuxX
                  0x00202a                  ___Putfld_s
 .libc.__Ldtob_cdfFnopsuxX
                  0x002308        0x250 c:/program files (x86)/microchip/xc16/v1.26/bin/bin/../../lib\liblega-c-elf.a(xldtob_cdfFnopsuxX.EPeo)
                  0x002308                  ___Ldtob_cdfFnopsuxX
                  0x002308                  ___Ldtob_fF
                  0x002308                  ___Ldtob_cdfFnopuxX
 .libc.__Genld_cdfFnopsuxX
                  0x002558        0x214 c:/program files (x86)/microchip/xc16/v1.26/bin/bin/../../lib\liblega-c-elf.a(xgenld_cdfFnopsuxX.EPeo)
                  0x002558                  ___Genld_fF
                  0x002558                  ___Genld_cdfFnopsuxX
                  0x002558                  ___Genld_cdfFnopuxX
 .libc.div        0x00276c         0x16 c:/program files (x86)/microchip/xc16/v1.26/bin/bin/../../lib\liblega-c-elf.a(div.EPeo)
                  0x00276c                  _div
 .libc._Genld     0x002782        0x270 c:/program files (x86)/microchip/xc16/v1.26/bin/bin/../../lib\liblega-c-elf.a(xgenld.EPeo)
                  0x002782                  __Genld
 .libm.eqdf2      0x0029f2          0xa c:/program files (x86)/microchip/xc16/v1.26/bin/bin/../../lib\libm-elf.a(deqltle.epeo)
                  0x0029f2                  ___eqdf2
                  0x0029f2                  ___ltdf2
                  0x0029f2                  ___ledf2
 .libm.gtdf2      0x0029fc          0xa c:/program files (x86)/microchip/xc16/v1.26/bin/bin/../../lib\libm-elf.a(dgtge.epeo)
                  0x0029fc                  ___gtdf2
                  0x0029fc                  ___gedf2
 .libm.divdf3     0x002a06         0xb4 c:/program files (x86)/microchip/xc16/v1.26/bin/bin/../../lib\libm-elf.a(divdf3.epeo)
                  0x002a06                  ___divdf3
 .libm.dpack      0x002aba         0x58 c:/program files (x86)/microchip/xc16/v1.26/bin/bin/../../lib\libm-elf.a(dpack.epeo)
                  0x002aba                  __dpack
 .libm.dunpack2
                  0x002b12         0x32 c:/program files (x86)/microchip/xc16/v1.26/bin/bin/../../lib\libm-elf.a(dunpack2.epeo)
                  0x002b12                  __dunpack2
                  0x002b34                  __dreturnNaN
                  0x002b3a                  __dunpack2exit
 .libm.extendsfdf2
                  0x002b44         0x3e c:/program files (x86)/microchip/xc16/v1.26/bin/bin/../../lib\libm-elf.a(extendsfdf.epeo)
                  0x002b44                  ___extendsfdf2
 .libm.fixdfsi    0x002b82         0x58 c:/program files (x86)/microchip/xc16/v1.26/bin/bin/../../lib\libm-elf.a(fixdfsi.epeo)
                  0x002b82                  _(float, int, long long, double, float, short, int)
 .libm.floatsidf
                  0x002bda          0x6 c:/program files (x86)/microchip/xc16/v1.26/bin/bin/../../lib\libm-elf.a(floatsidf.epeo)
                  0x002bda                  ___floatsidf
 .libm.muldf3     0x002be0         0xea c:/program files (x86)/microchip/xc16/v1.26/bin/bin/../../lib\libm-elf.a(muldf3.epeo)
                  0x002be0                  ___muldf3
 .libm.subdf3     0x002cca          0x4 c:/program files (x86)/microchip/xc16/v1.26/bin/bin/../../lib\libm-elf.a(subdf3.epeo)
                  0x002cca                  ___subdf3
 .libm.umodsi3    0x002cce          0x6 c:/program files (x86)/microchip/xc16/v1.26/bin/bin/../../lib\libm-elf.a(umodsi3.epeo)
                  0x002cce                  ___umodsi3
 .libm.mulsi3     0x002cd4          0xc c:/program files (x86)/microchip/xc16/v1.26/bin/bin/../../lib\libm-elf.a(mulsi3.epeo)
                  0x002cd4                  ___mulp32peds3
                  0x002cd4                  ___mulsi3
                  0x002cd4                  ___mulp32eds3
 .libm.__PplusBdi
                  0x002ce0         0x26 c:/program files (x86)/microchip/xc16/v1.26/bin/bin/../../lib\libm-elf.a(divmoddi3.epeo)
 .libm.__PminusBdi
                  0x002d06         0x26 c:/program files (x86)/microchip/xc16/v1.26/bin/bin/../../lib\libm-elf.a(divmoddi3.epeo)
 .libm.__udivmoddi3
                  0x002d2c         0xe6 c:/program files (x86)/microchip/xc16/v1.26/bin/bin/../../lib\libm-elf.a(divmoddi3.epeo)
                  0x002d2c                  ___udivmoddi3
 .libm.__udivdi3
                  0x002e12          0xe c:/program files (x86)/microchip/xc16/v1.26/bin/bin/../../lib\libm-elf.a(divmoddi3.epeo)
                  0x002e12                  ___udivdi3
 .libm.__umoddi3
                  0x002e20          0x8 c:/program files (x86)/microchip/xc16/v1.26/bin/bin/../../lib\libm-elf.a(divmoddi3.epeo)
                  0x002e20                  ___umoddi3
 .libm.__divdi3
                  0x002e28         0x60 c:/program files (x86)/microchip/xc16/v1.26/bin/bin/../../lib\libm-elf.a(divmoddi3.epeo)
                  0x002e28                  ___divdi3
 .libm.__moddi3
                  0x002e88         0x5c c:/program files (x86)/microchip/xc16/v1.26/bin/bin/../../lib\libm-elf.a(divmoddi3.epeo)
                  0x002e88                  ___moddi3
 .libm.adddf3     0x002ee4         0xfa c:/program files (x86)/microchip/xc16/v1.26/bin/bin/../../lib\libm-elf.a(adddf3.epeo)
                  0x002ee4                  ___adddf3
 .libm.dcompare
                  0x002fde         0x52 c:/program files (x86)/microchip/xc16/v1.26/bin/bin/../../lib\libm-elf.a(dcompare.epeo)
                  0x002fde                  __dcompare
 .libm.dPropagateNaN
                  0x003030         0x1c c:/program files (x86)/microchip/xc16/v1.26/bin/bin/../../lib\libm-elf.a(dpropagateNaN.epeo)
                  0x003030                  __dPropagateNaN
 .libm.dtype      0x00304c         0x24 c:/program files (x86)/microchip/xc16/v1.26/bin/bin/../../lib\libm-elf.a(dtype.epeo)
                  0x00304c                  __dtype
 .libm.dunpack    0x003070         0x4e c:/program files (x86)/microchip/xc16/v1.26/bin/bin/../../lib\libm-elf.a(dunpack.epeo)
                  0x003070                  __dunpack
 .libm.floatdidf
                  0x0030be         0x20 c:/program files (x86)/microchip/xc16/v1.26/bin/bin/../../lib\libm-elf.a(floatdidf.epeo)
                  0x0030be                  ___floatdidf
 .libm.floatundidf
                  0x0030de         0x56 c:/program files (x86)/microchip/xc16/v1.26/bin/bin/../../lib\libm-elf.a(floatundidf.epeo)
                  0x0030de                  ___floatundidf

usercode
 *(usercode)

__FGS
 *(__FGS.sec*)

__FOSCSEL
 *(__FOSCSEL.sec*)

__FOSC
 *(__FOSC.sec*)

__FWDT
 *(__FWDT.sec*)

__FPOR
 *(__FPOR.sec*)

__FICD
 *(__FICD.sec*)

__FAS
 *(__FAS.sec*)

__FUID0
 *(__FUID0.sec*)

.comment
 *(.comment)

.debug_info       0x000000      0x2bc85
 *(.debug_info)
 .debug_info      0x000000       0x1aa3 build/default/production/SD-SPI.o
 .debug_info      0x001aa3       0x2fd1 build/default/production/FSIO.o
 .debug_info      0x004a74         0x8f build/default/production/flash.o
 .debug_info      0x004b03        0x11f build/default/production/data_storage.o
 .debug_info      0x004c22       0x24cf build/default/production/main.o
 .debug_info      0x0070f1        0xfff build/default/production/I2C2.o
 .debug_info      0x0080f0        0xd8f build/default/production/events.o
 .debug_info      0x008e7f       0x175a build/default/production/analog2digital.o
 .debug_info      0x00a5d9        0x15b build/default/production/I2C.o
 .debug_info      0x00a734       0x294b build/default/production/InputCapture.o
 .debug_info      0x00d07f        0x7c6 build/default/production/Interrupts.o
 .debug_info      0x00d845       0x1b5d build/default/production/LCD.o
 .debug_info      0x00f3a2        0x7e6 build/default/production/LED.o
 .debug_info      0x00fb88       0x51d5 build/default/production/MAVLink.o
 .debug_info      0x014d5d       0x235a build/default/production/MAVParams.o
 .debug_info      0x0170b7       0x1915 build/default/production/Mixer.o
 .debug_info      0x0189cc        0x418 build/default/production/Oszillator.o
 .debug_info      0x018de4       0x16df build/default/production/PID.o
 .debug_info      0x01a4c3        0x7bc build/default/production/PWM.o
 .debug_info      0x01ac7f       0x2240 build/default/production/Pins.o
 .debug_info      0x01cebf        0xc22 build/default/production/RPi.o
 .debug_info      0x01dae1       0x155b build/default/production/SPI-SD.o
 .debug_info      0x01f03c       0x1224 build/default/production/SRF02.o
 .debug_info      0x020260       0x284f build/default/production/Timer.o
 .debug_info      0x022aaf       0x14c9 build/default/production/UART.o
 .debug_info      0x023f78       0x18da build/default/production/UM7.o
 .debug_info      0x025852       0x1426 build/default/production/autopilot.o
 .debug_info      0x026c78        0x131 build/default/production/data_services.o
 .debug_info      0x026da9        0x661 build/default/production/eeprom_udb4.o
 .debug_info      0x02740a        0x13d build/default/production/nv_memory_table.o
 .debug_info      0x027547        0x8f0 build/default/production/parameter_table.o
 .debug_info      0x027e37        0x123 build/default/production/parameter_table2.o
 .debug_info      0x027f5a        0xdee build/default/production/serial.o
 .debug_info      0x028d48        0x207 build/default/production/servoPrepare.o
 .debug_info      0x028f4f        0x4d4 build/default/production/state.o
 .debug_info      0x029423        0x6d4 build/default/production/usart.o
 .debug_info      0x029af7        0x76e build/default/production/MPL3115A2_Barometer.o
 .debug_info      0x02a265        0x862 build/default/production/Filter.o
 .debug_info      0x02aac7        0x266 build/default/production/height_fusion.o
 .debug_info      0x02ad2d        0x435 build/default/production/matrix_calculator.o
 .debug_info      0x02b162        0xb23 build/default/production/UART1_K6.o
 *(.gnu.linkonce.wi.*)

.debug_abbrev     0x000000       0x3215
 *(.debug_abbrev)
 .debug_abbrev    0x000000          0x1 build/default/production/MAVLink/include/bittest.o
 .debug_abbrev    0x000001        0x2cd build/default/production/SD-SPI.o
 .debug_abbrev    0x0002ce        0x23d build/default/production/FSIO.o
 .debug_abbrev    0x00050b         0x1f build/default/production/flash.o
 .debug_abbrev    0x00052a         0x1f build/default/production/data_storage.o
 .debug_abbrev    0x000549        0x1c1 build/default/production/main.o
 .debug_abbrev    0x00070a        0x1c7 build/default/production/I2C2.o
 .debug_abbrev    0x0008d1        0x1b6 build/default/production/events.o
 .debug_abbrev    0x000a87        0x139 build/default/production/analog2digital.o
 .debug_abbrev    0x000bc0         0x80 build/default/production/I2C.o
 .debug_abbrev    0x000c40        0x158 build/default/production/InputCapture.o
 .debug_abbrev    0x000d98         0x7d build/default/production/Interrupts.o
 .debug_abbrev    0x000e15        0x17e build/default/production/LCD.o
 .debug_abbrev    0x000f93        0x129 build/default/production/LED.o
 .debug_abbrev    0x0010bc        0x2b7 build/default/production/MAVLink.o
 .debug_abbrev    0x001373        0x2a5 build/default/production/MAVParams.o
 .debug_abbrev    0x001618        0x130 build/default/production/Mixer.o
 .debug_abbrev    0x001748         0xa7 build/default/production/Oszillator.o
 .debug_abbrev    0x0017ef        0x181 build/default/production/PID.o
 .debug_abbrev    0x001970         0xd3 build/default/production/PWM.o
 .debug_abbrev    0x001a43         0xb8 build/default/production/Pins.o
 .debug_abbrev    0x001afb        0x1f7 build/default/production/RPi.o
 .debug_abbrev    0x001cf2        0x1cf build/default/production/SPI-SD.o
 .debug_abbrev    0x001ec1        0x123 build/default/production/SRF02.o
 .debug_abbrev    0x001fe4          0x1 build/default/production/Testfunktionen.o
 .debug_abbrev    0x001fe5        0x1ab build/default/production/Timer.o
 .debug_abbrev    0x002190        0x18d build/default/production/UART.o
 .debug_abbrev    0x00231d        0x241 build/default/production/UM7.o
 .debug_abbrev    0x00255e        0x160 build/default/production/autopilot.o
 .debug_abbrev    0x0026be          0x1 build/default/production/config.o
 .debug_abbrev    0x0026bf         0x1f build/default/production/data_services.o
 .debug_abbrev    0x0026de        0x116 build/default/production/eeprom_udb4.o
 .debug_abbrev    0x0027f4          0x1 build/default/production/minIni.o
 .debug_abbrev    0x0027f5         0x1f build/default/production/nv_memory_table.o
 .debug_abbrev    0x002814        0x106 build/default/production/parameter_table.o
 .debug_abbrev    0x00291a         0x1f build/default/production/parameter_table2.o
 .debug_abbrev    0x002939          0x1 build/default/production/parameter_table_init.o
 .debug_abbrev    0x00293a        0x18d build/default/production/serial.o
 .debug_abbrev    0x002ac7         0x63 build/default/production/servoPrepare.o
 .debug_abbrev    0x002b2a        0x105 build/default/production/state.o
 .debug_abbrev    0x002c2f        0x137 build/default/production/usart.o
 .debug_abbrev    0x002d66        0x122 build/default/production/MPL3115A2_Barometer.o
 .debug_abbrev    0x002e88        0x119 build/default/production/Filter.o
 .debug_abbrev    0x002fa1         0xa2 build/default/production/height_fusion.o
 .debug_abbrev    0x003043         0xb9 build/default/production/matrix_calculator.o
 .debug_abbrev    0x0030fc        0x119 build/default/production/UART1_K6.o

.debug_line       0x000000       0x409d
 *(.debug_line)
 .debug_line      0x000000         0x1a build/default/production/MAVLink/include/bittest.o
 .debug_line      0x00001a        0x2e5 build/default/production/SD-SPI.o
 .debug_line      0x0002ff        0x867 build/default/production/FSIO.o
 .debug_line      0x000b66         0x1a build/default/production/flash.o
 .debug_line      0x000b80         0x1a build/default/production/data_storage.o
 .debug_line      0x000b9a        0x2d2 build/default/production/main.o
 .debug_line      0x000e6c        0x1c0 build/default/production/I2C2.o
 .debug_line      0x00102c        0x14a build/default/production/events.o
 .debug_line      0x001176        0x15b build/default/production/analog2digital.o
 .debug_line      0x0012d1         0x51 build/default/production/I2C.o
 .debug_line      0x001322        0x180 build/default/production/InputCapture.o
 .debug_line      0x0014a2         0xa2 build/default/production/Interrupts.o
 .debug_line      0x001544        0x184 build/default/production/LCD.o
 .debug_line      0x0016c8        0x183 build/default/production/LED.o
 .debug_line      0x00184b        0x718 build/default/production/MAVLink.o
 .debug_line      0x001f63        0x413 build/default/production/MAVParams.o
 .debug_line      0x002376        0x15a build/default/production/Mixer.o
 .debug_line      0x0024d0         0x9e build/default/production/Oszillator.o
 .debug_line      0x00256e        0x23c build/default/production/PID.o
 .debug_line      0x0027aa        0x14b build/default/production/PWM.o
 .debug_line      0x0028f5         0xcf build/default/production/Pins.o
 .debug_line      0x0029c4        0x253 build/default/production/RPi.o
 .debug_line      0x002c17        0x150 build/default/production/SPI-SD.o
 .debug_line      0x002d67         0x99 build/default/production/SRF02.o
 .debug_line      0x002e00         0x1a build/default/production/Testfunktionen.o
 .debug_line      0x002e1a        0x1ff build/default/production/Timer.o
 .debug_line      0x003019        0x103 build/default/production/UART.o
 .debug_line      0x00311c        0x212 build/default/production/UM7.o
 .debug_line      0x00332e        0x136 build/default/production/autopilot.o
 .debug_line      0x003464         0x1a build/default/production/config.o
 .debug_line      0x00347e         0x1a build/default/production/data_services.o
 .debug_line      0x003498        0x16f build/default/production/eeprom_udb4.o
 .debug_line      0x003607         0x1a build/default/production/minIni.o
 .debug_line      0x003621         0x1a build/default/production/nv_memory_table.o
 .debug_line      0x00363b         0xe9 build/default/production/parameter_table.o
 .debug_line      0x003724         0x1a build/default/production/parameter_table2.o
 .debug_line      0x00373e         0x1a build/default/production/parameter_table_init.o
 .debug_line      0x003758        0x13d build/default/production/serial.o
 .debug_line      0x003895         0xa5 build/default/production/servoPrepare.o
 .debug_line      0x00393a        0x195 build/default/production/state.o
 .debug_line      0x003acf         0xcf build/default/production/usart.o
 .debug_line      0x003b9e        0x13e build/default/production/MPL3115A2_Barometer.o
 .debug_line      0x003cdc        0x169 build/default/production/Filter.o
 .debug_line      0x003e45         0xe9 build/default/production/height_fusion.o
 .debug_line      0x003f2e         0xac build/default/production/matrix_calculator.o
 .debug_line      0x003fda         0xc3 build/default/production/UART1_K6.o

.debug_frame      0x000000       0x34ac
 *(.debug_frame)
 .debug_frame     0x000000        0x218 build/default/production/SD-SPI.o
 .debug_frame     0x000218        0x550 build/default/production/FSIO.o
 .debug_frame     0x000768         0x54 build/default/production/main.o
 .debug_frame     0x0007bc        0x2f4 build/default/production/I2C2.o
 .debug_frame     0x000ab0        0x104 build/default/production/events.o
 .debug_frame     0x000bb4         0xa4 build/default/production/analog2digital.o
 .debug_frame     0x000c58         0x68 build/default/production/I2C.o
 .debug_frame     0x000cc0        0x1ec build/default/production/InputCapture.o
 .debug_frame     0x000eac         0x30 build/default/production/Interrupts.o
 .debug_frame     0x000edc        0x298 build/default/production/LCD.o
 .debug_frame     0x001174        0x138 build/default/production/LED.o
 .debug_frame     0x0012ac        0x5f4 build/default/production/MAVLink.o
 .debug_frame     0x0018a0        0x520 build/default/production/MAVParams.o
 .debug_frame     0x001dc0        0x232 build/default/production/Mixer.o
 .debug_frame     0x001ff2         0x30 build/default/production/Oszillator.o
 .debug_frame     0x002022        0x1b6 build/default/production/PID.o
 .debug_frame     0x0021d8         0xa0 build/default/production/PWM.o
 .debug_frame     0x002278         0x4c build/default/production/Pins.o
 .debug_frame     0x0022c4         0x84 build/default/production/RPi.o
 .debug_frame     0x002348        0x214 build/default/production/SPI-SD.o
 .debug_frame     0x00255c         0xf2 build/default/production/SRF02.o
 .debug_frame     0x00264e        0x126 build/default/production/Timer.o
 .debug_frame     0x002774         0xe6 build/default/production/UART.o
 .debug_frame     0x00285a        0x214 build/default/production/UM7.o
 .debug_frame     0x002a6e        0x1be build/default/production/autopilot.o
 .debug_frame     0x002c2c        0x16a build/default/production/eeprom_udb4.o
 .debug_frame     0x002d96        0x182 build/default/production/serial.o
 .debug_frame     0x002f18         0x30 build/default/production/servoPrepare.o
 .debug_frame     0x002f48         0xc2 build/default/production/state.o
 .debug_frame     0x00300a         0x8a build/default/production/usart.o
 .debug_frame     0x003094         0xfa build/default/production/MPL3115A2_Barometer.o
 .debug_frame     0x00318e        0x174 build/default/production/Filter.o
 .debug_frame     0x003302         0x52 build/default/production/height_fusion.o
 .debug_frame     0x003354         0xe2 build/default/production/matrix_calculator.o
 .debug_frame     0x003436         0x76 build/default/production/UART1_K6.o

.debug_str        0x000000       0x1c2e
 *(.debug_str)
 .debug_str       0x000000        0x132 build/default/production/SD-SPI.o
 .debug_str       0x000132        0x310 build/default/production/FSIO.o
 .debug_str       0x000442        0x1a6 build/default/production/main.o
 .debug_str       0x0005e8         0x62 build/default/production/I2C2.o
 .debug_str       0x00064a         0x6a build/default/production/events.o
 .debug_str       0x0006b4         0xb5 build/default/production/analog2digital.o
 .debug_str       0x000769        0x1e1 build/default/production/InputCapture.o
 .debug_str       0x00094a         0x30 build/default/production/Interrupts.o
 .debug_str       0x00097a         0x72 build/default/production/LCD.o
 .debug_str       0x0009ec         0x24 build/default/production/LED.o
 .debug_str       0x000a10        0x446 build/default/production/MAVLink.o
 .debug_str       0x000e56        0x173 build/default/production/MAVParams.o
 .debug_str       0x000fc9         0x42 build/default/production/Mixer.o
 .debug_str       0x00100b         0x16 build/default/production/Oszillator.o
 .debug_str       0x001021         0x4e build/default/production/PID.o
 .debug_str       0x00106f         0xe3 build/default/production/Pins.o
 .debug_str       0x001152         0xaa build/default/production/RPi.o
 .debug_str       0x0011fc         0xe0 build/default/production/SPI-SD.o
 .debug_str       0x0012dc         0x4f build/default/production/SRF02.o
 .debug_str       0x00132b        0x15b build/default/production/Timer.o
 .debug_str       0x001486         0xf2 build/default/production/UART.o
 .debug_str       0x001578        0x1d6 build/default/production/UM7.o
 .debug_str       0x00174e         0xb3 build/default/production/autopilot.o
 .debug_str       0x001801         0x2a build/default/production/eeprom_udb4.o
 .debug_str       0x00182b         0x56 build/default/production/parameter_table.o
 .debug_str       0x001881         0x85 build/default/production/serial.o
 .debug_str       0x001906         0x16 build/default/production/servoPrepare.o
 .debug_str       0x00191c         0x52 build/default/production/state.o
 .debug_str       0x00196e         0x22 build/default/production/usart.o
 .debug_str       0x001990         0xc9 build/default/production/MPL3115A2_Barometer.o
 .debug_str       0x001a59        0x129 build/default/production/Filter.o
 .debug_str       0x001b82         0x56 build/default/production/height_fusion.o
 .debug_str       0x001bd8         0x26 build/default/production/matrix_calculator.o
 .debug_str       0x001bfe         0x30 build/default/production/UART1_K6.o

.debug_loc
 *(.debug_loc)

.debug_macinfo
 *(.debug_macinfo)

.debug_pubnames
                  0x000000       0x302c
 *(.debug_pubnames)
 .debug_pubnames
                  0x000000        0x1fc build/default/production/SD-SPI.o
 .debug_pubnames
                  0x0001fc        0x4ac build/default/production/FSIO.o
 .debug_pubnames
                  0x0006a8        0x1e3 build/default/production/main.o
 .debug_pubnames
                  0x00088b         0x8d build/default/production/I2C2.o
 .debug_pubnames
                  0x000918         0x9d build/default/production/events.o
 .debug_pubnames
                  0x0009b5         0xbb build/default/production/analog2digital.o
 .debug_pubnames
                  0x000a70         0x45 build/default/production/I2C.o
 .debug_pubnames
                  0x000ab5        0x243 build/default/production/InputCapture.o
 .debug_pubnames
                  0x000cf8         0x27 build/default/production/Interrupts.o
 .debug_pubnames
                  0x000d1f        0x10d build/default/production/LCD.o
 .debug_pubnames
                  0x000e2c         0xa9 build/default/production/LED.o
 .debug_pubnames
                  0x000ed5        0x30b build/default/production/MAVLink.o
 .debug_pubnames
                  0x0011e0        0x5d8 build/default/production/MAVParams.o
 .debug_pubnames
                  0x0017b8        0x1a0 build/default/production/Mixer.o
 .debug_pubnames
                  0x001958         0x25 build/default/production/Oszillator.o
 .debug_pubnames
                  0x00197d        0x20b build/default/production/PID.o
 .debug_pubnames
                  0x001b88         0x66 build/default/production/PWM.o
 .debug_pubnames
                  0x001bee         0x2f build/default/production/Pins.o
 .debug_pubnames
                  0x001c1d        0x14d build/default/production/RPi.o
 .debug_pubnames
                  0x001d6a        0x163 build/default/production/SPI-SD.o
 .debug_pubnames
                  0x001ecd        0x124 build/default/production/SRF02.o
 .debug_pubnames
                  0x001ff1         0xe3 build/default/production/Timer.o
 .debug_pubnames
                  0x0020d4        0x137 build/default/production/UART.o
 .debug_pubnames
                  0x00220b        0x373 build/default/production/UM7.o
 .debug_pubnames
                  0x00257e        0x1d2 build/default/production/autopilot.o
 .debug_pubnames
                  0x002750         0x7e build/default/production/eeprom_udb4.o
 .debug_pubnames
                  0x0027ce         0x69 build/default/production/parameter_table.o
 .debug_pubnames
                  0x002837        0x157 build/default/production/serial.o
 .debug_pubnames
                  0x00298e         0x83 build/default/production/servoPrepare.o
 .debug_pubnames
                  0x002a11         0xa8 build/default/production/state.o
 .debug_pubnames
                  0x002ab9         0x81 build/default/production/usart.o
 .debug_pubnames
                  0x002b3a        0x1bf build/default/production/MPL3115A2_Barometer.o
 .debug_pubnames
                  0x002cf9        0x1bc build/default/production/Filter.o
 .debug_pubnames
                  0x002eb5         0x97 build/default/production/height_fusion.o
 .debug_pubnames
                  0x002f4c         0x81 build/default/production/matrix_calculator.o
 .debug_pubnames
                  0x002fcd         0x5f build/default/production/UART1_K6.o

.debug_ranges
 *(.debug_ranges)

.debug_aranges    0x000000        0x348
 *(.debug_aranges)
 .debug_aranges
                  0x000000         0x18 build/default/production/SD-SPI.o
 .debug_aranges
                  0x000018         0x18 build/default/production/FSIO.o
 .debug_aranges
                  0x000030         0x18 build/default/production/main.o
 .debug_aranges
                  0x000048         0x18 build/default/production/I2C2.o
 .debug_aranges
                  0x000060         0x18 build/default/production/events.o
 .debug_aranges
                  0x000078         0x18 build/default/production/analog2digital.o
 .debug_aranges
                  0x000090         0x18 build/default/production/I2C.o
 .debug_aranges
                  0x0000a8         0x18 build/default/production/InputCapture.o
 .debug_aranges
                  0x0000c0         0x18 build/default/production/Interrupts.o
 .debug_aranges
                  0x0000d8         0x18 build/default/production/LCD.o
 .debug_aranges
                  0x0000f0         0x18 build/default/production/LED.o
 .debug_aranges
                  0x000108         0x18 build/default/production/MAVLink.o
 .debug_aranges
                  0x000120         0x18 build/default/production/MAVParams.o
 .debug_aranges
                  0x000138         0x18 build/default/production/Mixer.o
 .debug_aranges
                  0x000150         0x18 build/default/production/Oszillator.o
 .debug_aranges
                  0x000168         0x18 build/default/production/PID.o
 .debug_aranges
                  0x000180         0x18 build/default/production/PWM.o
 .debug_aranges
                  0x000198         0x18 build/default/production/Pins.o
 .debug_aranges
                  0x0001b0         0x18 build/default/production/RPi.o
 .debug_aranges
                  0x0001c8         0x18 build/default/production/SPI-SD.o
 .debug_aranges
                  0x0001e0         0x18 build/default/production/SRF02.o
 .debug_aranges
                  0x0001f8         0x18 build/default/production/Timer.o
 .debug_aranges
                  0x000210         0x18 build/default/production/UART.o
 .debug_aranges
                  0x000228         0x18 build/default/production/UM7.o
 .debug_aranges
                  0x000240         0x18 build/default/production/autopilot.o
 .debug_aranges
                  0x000258         0x18 build/default/production/eeprom_udb4.o
 .debug_aranges
                  0x000270         0x18 build/default/production/serial.o
 .debug_aranges
                  0x000288         0x18 build/default/production/servoPrepare.o
 .debug_aranges
                  0x0002a0         0x18 build/default/production/state.o
 .debug_aranges
                  0x0002b8         0x18 build/default/production/usart.o
 .debug_aranges
                  0x0002d0         0x18 build/default/production/MPL3115A2_Barometer.o
 .debug_aranges
                  0x0002e8         0x18 build/default/production/Filter.o
 .debug_aranges
                  0x000300         0x18 build/default/production/height_fusion.o
 .debug_aranges
                  0x000318         0x18 build/default/production/matrix_calculator.o
 .debug_aranges
                  0x000330         0x18 build/default/production/UART1_K6.o
                    0x0000                  WREG0 = 0x0
                    0x0000                  _WREG0 = 0x0
                    0x0002                  WREG1 = 0x2
                    0x0002                  _WREG1 = 0x2
                    0x0004                  WREG2 = 0x4
                    0x0004                  _WREG2 = 0x4
                    0x0006                  WREG3 = 0x6
                    0x0006                  _WREG3 = 0x6
                    0x0008                  WREG4 = 0x8
                    0x0008                  _WREG4 = 0x8
                    0x000a                  WREG5 = 0xa
                    0x000a                  _WREG5 = 0xa
                    0x000c                  WREG6 = 0xc
                    0x000c                  _WREG6 = 0xc
                    0x000e                  WREG7 = 0xe
                    0x000e                  _WREG7 = 0xe
                    0x0010                  WREG8 = 0x10
                    0x0010                  _WREG8 = 0x10
                    0x0012                  WREG9 = 0x12
                    0x0012                  _WREG9 = 0x12
                    0x0014                  WREG10 = 0x14
                    0x0014                  _WREG10 = 0x14
                    0x0016                  WREG11 = 0x16
                    0x0016                  _WREG11 = 0x16
                    0x0018                  WREG12 = 0x18
                    0x0018                  _WREG12 = 0x18
                    0x001a                  WREG13 = 0x1a
                    0x001a                  _WREG13 = 0x1a
                    0x001c                  WREG14 = 0x1c
                    0x001c                  _WREG14 = 0x1c
                    0x001e                  WREG15 = 0x1e
                    0x001e                  _WREG15 = 0x1e
                    0x0020                  SPLIM = 0x20
                    0x0020                  _SPLIM = 0x20
                    0x0022                  ACCAL = 0x22
                    0x0022                  _ACCAL = 0x22
                    0x0024                  ACCAH = 0x24
                    0x0024                  _ACCAH = 0x24
                    0x0026                  ACCAU = 0x26
                    0x0026                  _ACCAU = 0x26
                    0x0028                  ACCBL = 0x28
                    0x0028                  _ACCBL = 0x28
                    0x002a                  ACCBH = 0x2a
                    0x002a                  _ACCBH = 0x2a
                    0x002c                  ACCBU = 0x2c
                    0x002c                  _ACCBU = 0x2c
                    0x002e                  PCL = 0x2e
                    0x002e                  _PCL = 0x2e
                    0x0030                  PCH = 0x30
                    0x0030                  _PCH = 0x30
                    0x0032                  DSRPAG = 0x32
                    0x0032                  _DSRPAG = 0x32
                    0x0032                  _DSRPAGbits = 0x32
                    0x0034                  DSWPAG = 0x34
                    0x0034                  _DSWPAG = 0x34
                    0x0034                  _DSWPAGbits = 0x34
                    0x0036                  RCOUNT = 0x36
                    0x0036                  _RCOUNT = 0x36
                    0x0038                  DCOUNT = 0x38
                    0x0038                  _DCOUNT = 0x38
                    0x003a                  DOSTARTL = 0x3a
                    0x003a                  _DOSTARTL = 0x3a
                    0x003c                  DOSTARTH = 0x3c
                    0x003c                  _DOSTARTH = 0x3c
                    0x003e                  DOENDL = 0x3e
                    0x003e                  _DOENDL = 0x3e
                    0x0040                  DOENDH = 0x40
                    0x0040                  _DOENDH = 0x40
                    0x0042                  SR = 0x42
                    0x0042                  _SR = 0x42
                    0x0042                  _SRbits = 0x42
                    0x0044                  CORCON = 0x44
                    0x0044                  _CORCON = 0x44
                    0x0044                  _CORCONbits = 0x44
                    0x0046                  MODCON = 0x46
                    0x0046                  _MODCON = 0x46
                    0x0046                  _MODCONbits = 0x46
                    0x0048                  XMODSRT = 0x48
                    0x0048                  _XMODSRT = 0x48
                    0x004a                  XMODEND = 0x4a
                    0x004a                  _XMODEND = 0x4a
                    0x004c                  YMODSRT = 0x4c
                    0x004c                  _YMODSRT = 0x4c
                    0x004e                  YMODEND = 0x4e
                    0x004e                  _YMODEND = 0x4e
                    0x0050                  XBREV = 0x50
                    0x0050                  _XBREV = 0x50
                    0x0050                  _XBREVbits = 0x50
                    0x0052                  DISICNT = 0x52
                    0x0052                  _DISICNT = 0x52
                    0x0054                  TBLPAG = 0x54
                    0x0054                  _TBLPAG = 0x54
                    0x0054                  _TBLPAGbits = 0x54
                    0x0058                  MSTRPR = 0x58
                    0x0058                  _MSTRPR = 0x58
                    0x0100                  TMR1 = 0x100
                    0x0100                  _TMR1 = 0x100
                    0x0102                  PR1 = 0x102
                    0x0102                  _PR1 = 0x102
                    0x0104                  T1CON = 0x104
                    0x0104                  _T1CON = 0x104
                    0x0104                  _T1CONbits = 0x104
                    0x0106                  TMR2 = 0x106
                    0x0106                  _TMR2 = 0x106
                    0x0108                  TMR3HLD = 0x108
                    0x0108                  _TMR3HLD = 0x108
                    0x010a                  TMR3 = 0x10a
                    0x010a                  _TMR3 = 0x10a
                    0x010c                  PR2 = 0x10c
                    0x010c                  _PR2 = 0x10c
                    0x010e                  PR3 = 0x10e
                    0x010e                  _PR3 = 0x10e
                    0x0110                  T2CON = 0x110
                    0x0110                  _T2CON = 0x110
                    0x0110                  _T2CONbits = 0x110
                    0x0112                  T3CON = 0x112
                    0x0112                  _T3CON = 0x112
                    0x0112                  _T3CONbits = 0x112
                    0x0114                  TMR4 = 0x114
                    0x0114                  _TMR4 = 0x114
                    0x0116                  TMR5HLD = 0x116
                    0x0116                  _TMR5HLD = 0x116
                    0x0118                  TMR5 = 0x118
                    0x0118                  _TMR5 = 0x118
                    0x011a                  PR4 = 0x11a
                    0x011a                  _PR4 = 0x11a
                    0x011c                  PR5 = 0x11c
                    0x011c                  _PR5 = 0x11c
                    0x011e                  T4CON = 0x11e
                    0x011e                  _T4CON = 0x11e
                    0x011e                  _T4CONbits = 0x11e
                    0x0120                  T5CON = 0x120
                    0x0120                  _T5CON = 0x120
                    0x0120                  _T5CONbits = 0x120
                    0x0122                  TMR6 = 0x122
                    0x0122                  _TMR6 = 0x122
                    0x0124                  TMR7HLD = 0x124
                    0x0124                  _TMR7HLD = 0x124
                    0x0126                  TMR7 = 0x126
                    0x0126                  _TMR7 = 0x126
                    0x0128                  PR6 = 0x128
                    0x0128                  _PR6 = 0x128
                    0x012a                  PR7 = 0x12a
                    0x012a                  _PR7 = 0x12a
                    0x012c                  T6CON = 0x12c
                    0x012c                  _T6CON = 0x12c
                    0x012c                  _T6CONbits = 0x12c
                    0x012e                  T7CON = 0x12e
                    0x012e                  _T7CON = 0x12e
                    0x012e                  _T7CONbits = 0x12e
                    0x0130                  TMR8 = 0x130
                    0x0130                  _TMR8 = 0x130
                    0x0132                  TMR9HLD = 0x132
                    0x0132                  _TMR9HLD = 0x132
                    0x0134                  TMR9 = 0x134
                    0x0134                  _TMR9 = 0x134
                    0x0136                  PR8 = 0x136
                    0x0136                  _PR8 = 0x136
                    0x0138                  PR9 = 0x138
                    0x0138                  _PR9 = 0x138
                    0x013a                  T8CON = 0x13a
                    0x013a                  _T8CON = 0x13a
                    0x013a                  _T8CONbits = 0x13a
                    0x013c                  T9CON = 0x13c
                    0x013c                  _T9CON = 0x13c
                    0x013c                  _T9CONbits = 0x13c
                    0x0140                  IC1CON1 = 0x140
                    0x0140                  _IC1CON1 = 0x140
                    0x0140                  _IC1CON1bits = 0x140
                    0x0142                  IC1CON2 = 0x142
                    0x0142                  _IC1CON2 = 0x142
                    0x0142                  _IC1CON2bits = 0x142
                    0x0144                  IC1BUF = 0x144
                    0x0144                  _IC1BUF = 0x144
                    0x0146                  IC1TMR = 0x146
                    0x0146                  _IC1TMR = 0x146
                    0x0148                  IC2CON1 = 0x148
                    0x0148                  _IC2CON1 = 0x148
                    0x0148                  _IC2CON1bits = 0x148
                    0x014a                  IC2CON2 = 0x14a
                    0x014a                  _IC2CON2 = 0x14a
                    0x014a                  _IC2CON2bits = 0x14a
                    0x014c                  IC2BUF = 0x14c
                    0x014c                  _IC2BUF = 0x14c
                    0x014e                  IC2TMR = 0x14e
                    0x014e                  _IC2TMR = 0x14e
                    0x0150                  IC3CON1 = 0x150
                    0x0150                  _IC3CON1 = 0x150
                    0x0150                  _IC3CON1bits = 0x150
                    0x0152                  IC3CON2 = 0x152
                    0x0152                  _IC3CON2 = 0x152
                    0x0152                  _IC3CON2bits = 0x152
                    0x0154                  IC3BUF = 0x154
                    0x0154                  _IC3BUF = 0x154
                    0x0156                  IC3TMR = 0x156
                    0x0156                  _IC3TMR = 0x156
                    0x0158                  IC4CON1 = 0x158
                    0x0158                  _IC4CON1 = 0x158
                    0x0158                  _IC4CON1bits = 0x158
                    0x015a                  IC4CON2 = 0x15a
                    0x015a                  _IC4CON2 = 0x15a
                    0x015a                  _IC4CON2bits = 0x15a
                    0x015c                  IC4BUF = 0x15c
                    0x015c                  _IC4BUF = 0x15c
                    0x015e                  IC4TMR = 0x15e
                    0x015e                  _IC4TMR = 0x15e
                    0x0160                  IC5CON1 = 0x160
                    0x0160                  _IC5CON1 = 0x160
                    0x0160                  _IC5CON1bits = 0x160
                    0x0162                  IC5CON2 = 0x162
                    0x0162                  _IC5CON2 = 0x162
                    0x0162                  _IC5CON2bits = 0x162
                    0x0164                  IC5BUF = 0x164
                    0x0164                  _IC5BUF = 0x164
                    0x0166                  IC5TMR = 0x166
                    0x0166                  _IC5TMR = 0x166
                    0x0168                  IC6CON1 = 0x168
                    0x0168                  _IC6CON1 = 0x168
                    0x0168                  _IC6CON1bits = 0x168
                    0x016a                  IC6CON2 = 0x16a
                    0x016a                  _IC6CON2 = 0x16a
                    0x016a                  _IC6CON2bits = 0x16a
                    0x016c                  IC6BUF = 0x16c
                    0x016c                  _IC6BUF = 0x16c
                    0x016e                  IC6TMR = 0x16e
                    0x016e                  _IC6TMR = 0x16e
                    0x0170                  IC7CON1 = 0x170
                    0x0170                  _IC7CON1 = 0x170
                    0x0170                  _IC7CON1bits = 0x170
                    0x0172                  IC7CON2 = 0x172
                    0x0172                  _IC7CON2 = 0x172
                    0x0172                  _IC7CON2bits = 0x172
                    0x0174                  IC7BUF = 0x174
                    0x0174                  _IC7BUF = 0x174
                    0x0176                  IC7TMR = 0x176
                    0x0176                  _IC7TMR = 0x176
                    0x0178                  IC8CON1 = 0x178
                    0x0178                  _IC8CON1 = 0x178
                    0x0178                  _IC8CON1bits = 0x178
                    0x017a                  IC8CON2 = 0x17a
                    0x017a                  _IC8CON2 = 0x17a
                    0x017a                  _IC8CON2bits = 0x17a
                    0x017c                  IC8BUF = 0x17c
                    0x017c                  _IC8BUF = 0x17c
                    0x017e                  IC8TMR = 0x17e
                    0x017e                  _IC8TMR = 0x17e
                    0x0180                  IC9CON1 = 0x180
                    0x0180                  _IC9CON1 = 0x180
                    0x0180                  _IC9CON1bits = 0x180
                    0x0182                  IC9CON2 = 0x182
                    0x0182                  _IC9CON2 = 0x182
                    0x0182                  _IC9CON2bits = 0x182
                    0x0184                  IC9BUF = 0x184
                    0x0184                  _IC9BUF = 0x184
                    0x0186                  IC9TMR = 0x186
                    0x0186                  _IC9TMR = 0x186
                    0x0188                  IC10CON1 = 0x188
                    0x0188                  _IC10CON1 = 0x188
                    0x0188                  _IC10CON1bits = 0x188
                    0x018a                  IC10CON2 = 0x18a
                    0x018a                  _IC10CON2 = 0x18a
                    0x018a                  _IC10CON2bits = 0x18a
                    0x018c                  IC10BUF = 0x18c
                    0x018c                  _IC10BUF = 0x18c
                    0x018e                  IC10TMR = 0x18e
                    0x018e                  _IC10TMR = 0x18e
                    0x0190                  IC11CON1 = 0x190
                    0x0190                  _IC11CON1 = 0x190
                    0x0190                  _IC11CON1bits = 0x190
                    0x0192                  IC11CON2 = 0x192
                    0x0192                  _IC11CON2 = 0x192
                    0x0192                  _IC11CON2bits = 0x192
                    0x0194                  IC11BUF = 0x194
                    0x0194                  _IC11BUF = 0x194
                    0x0196                  IC11TMR = 0x196
                    0x0196                  _IC11TMR = 0x196
                    0x0198                  IC12CON1 = 0x198
                    0x0198                  _IC12CON1 = 0x198
                    0x0198                  _IC12CON1bits = 0x198
                    0x019a                  IC12CON2 = 0x19a
                    0x019a                  _IC12CON2 = 0x19a
                    0x019a                  _IC12CON2bits = 0x19a
                    0x019c                  IC12BUF = 0x19c
                    0x019c                  _IC12BUF = 0x19c
                    0x019e                  IC12TMR = 0x19e
                    0x019e                  _IC12TMR = 0x19e
                    0x01a0                  IC13CON1 = 0x1a0
                    0x01a0                  _IC13CON1 = 0x1a0
                    0x01a0                  _IC13CON1bits = 0x1a0
                    0x01a2                  IC13CON2 = 0x1a2
                    0x01a2                  _IC13CON2 = 0x1a2
                    0x01a2                  _IC13CON2bits = 0x1a2
                    0x01a4                  IC13BUF = 0x1a4
                    0x01a4                  _IC13BUF = 0x1a4
                    0x01a6                  IC13TMR = 0x1a6
                    0x01a6                  _IC13TMR = 0x1a6
                    0x01a8                  IC14CON1 = 0x1a8
                    0x01a8                  _IC14CON1 = 0x1a8
                    0x01a8                  _IC14CON1bits = 0x1a8
                    0x01aa                  IC14CON2 = 0x1aa
                    0x01aa                  _IC14CON2 = 0x1aa
                    0x01aa                  _IC14CON2bits = 0x1aa
                    0x01ac                  IC14BUF = 0x1ac
                    0x01ac                  _IC14BUF = 0x1ac
                    0x01ae                  IC14TMR = 0x1ae
                    0x01ae                  _IC14TMR = 0x1ae
                    0x01b0                  IC15CON1 = 0x1b0
                    0x01b0                  _IC15CON1 = 0x1b0
                    0x01b0                  _IC15CON1bits = 0x1b0
                    0x01b2                  IC15CON2 = 0x1b2
                    0x01b2                  _IC15CON2 = 0x1b2
                    0x01b2                  _IC15CON2bits = 0x1b2
                    0x01b4                  IC15BUF = 0x1b4
                    0x01b4                  _IC15BUF = 0x1b4
                    0x01b6                  IC15TMR = 0x1b6
                    0x01b6                  _IC15TMR = 0x1b6
                    0x01b8                  IC16CON1 = 0x1b8
                    0x01b8                  _IC16CON1 = 0x1b8
                    0x01b8                  _IC16CON1bits = 0x1b8
                    0x01ba                  IC16CON2 = 0x1ba
                    0x01ba                  _IC16CON2 = 0x1ba
                    0x01ba                  _IC16CON2bits = 0x1ba
                    0x01bc                  IC16BUF = 0x1bc
                    0x01bc                  _IC16BUF = 0x1bc
                    0x01be                  IC16TMR = 0x1be
                    0x01be                  _IC16TMR = 0x1be
                    0x01c0                  QEI1CON = 0x1c0
                    0x01c0                  _QEI1CON = 0x1c0
                    0x01c0                  _QEI1CONbits = 0x1c0
                    0x01c2                  QEI1IOC = 0x1c2
                    0x01c2                  _QEI1IOC = 0x1c2
                    0x01c2                  _QEI1IOCbits = 0x1c2
                    0x01c4                  QEI1STAT = 0x1c4
                    0x01c4                  _QEI1STAT = 0x1c4
                    0x01c4                  _QEI1STATbits = 0x1c4
                    0x01c6                  POS1CNTL = 0x1c6
                    0x01c6                  _POS1CNTL = 0x1c6
                    0x01c8                  POS1CNTH = 0x1c8
                    0x01c8                  _POS1CNTH = 0x1c8
                    0x01ca                  POS1HLD = 0x1ca
                    0x01ca                  _POS1HLD = 0x1ca
                    0x01cc                  VEL1CNT = 0x1cc
                    0x01cc                  _VEL1CNT = 0x1cc
                    0x01ce                  INT1TMRL = 0x1ce
                    0x01ce                  _INT1TMRL = 0x1ce
                    0x01d0                  INT1TMRH = 0x1d0
                    0x01d0                  _INT1TMRH = 0x1d0
                    0x01d2                  INT1HLDL = 0x1d2
                    0x01d2                  _INT1HLDL = 0x1d2
                    0x01d4                  INT1HLDH = 0x1d4
                    0x01d4                  _INT1HLDH = 0x1d4
                    0x01d6                  INDX1CNTL = 0x1d6
                    0x01d6                  _INDX1CNTL = 0x1d6
                    0x01d8                  INDX1CNTH = 0x1d8
                    0x01d8                  _INDX1CNTH = 0x1d8
                    0x01da                  INDX1HLD = 0x1da
                    0x01da                  _INDX1HLD = 0x1da
                    0x01dc                  QEI1GECL = 0x1dc
                    0x01dc                  _QEI1GECL = 0x1dc
                    0x01dc                  QEI1ICL = 0x1dc
                    0x01dc                  _QEI1ICL = 0x1dc
                    0x01de                  QEI1GECH = 0x1de
                    0x01de                  _QEI1GECH = 0x1de
                    0x01de                  QEI1ICH = 0x1de
                    0x01de                  _QEI1ICH = 0x1de
                    0x01e0                  QEI1LECL = 0x1e0
                    0x01e0                  _QEI1LECL = 0x1e0
                    0x01e2                  QEI1LECH = 0x1e2
                    0x01e2                  _QEI1LECH = 0x1e2
                    0x0200                  I2C1RCV = 0x200
                    0x0200                  _I2C1RCV = 0x200
                    0x0202                  I2C1TRN = 0x202
                    0x0202                  _I2C1TRN = 0x202
                    0x0204                  I2C1BRG = 0x204
                    0x0204                  _I2C1BRG = 0x204
                    0x0206                  I2C1CON = 0x206
                    0x0206                  _I2C1CON = 0x206
                    0x0206                  _I2C1CONbits = 0x206
                    0x0208                  I2C1STAT = 0x208
                    0x0208                  _I2C1STAT = 0x208
                    0x0208                  _I2C1STATbits = 0x208
                    0x020a                  I2C1ADD = 0x20a
                    0x020a                  _I2C1ADD = 0x20a
                    0x020c                  I2C1MSK = 0x20c
                    0x020c                  _I2C1MSK = 0x20c
                    0x0210                  I2C2RCV = 0x210
                    0x0210                  _I2C2RCV = 0x210
                    0x0212                  I2C2TRN = 0x212
                    0x0212                  _I2C2TRN = 0x212
                    0x0214                  I2C2BRG = 0x214
                    0x0214                  _I2C2BRG = 0x214
                    0x0216                  I2C2CON = 0x216
                    0x0216                  _I2C2CON = 0x216
                    0x0216                  _I2C2CONbits = 0x216
                    0x0218                  I2C2STAT = 0x218
                    0x0218                  _I2C2STAT = 0x218
                    0x0218                  _I2C2STATbits = 0x218
                    0x021a                  I2C2ADD = 0x21a
                    0x021a                  _I2C2ADD = 0x21a
                    0x021c                  I2C2MSK = 0x21c
                    0x021c                  _I2C2MSK = 0x21c
                    0x0220                  U1MODE = 0x220
                    0x0220                  _U1MODE = 0x220
                    0x0220                  _U1MODEbits = 0x220
                    0x0222                  U1STA = 0x222
                    0x0222                  _U1STA = 0x222
                    0x0222                  _U1STAbits = 0x222
                    0x0224                  U1TXREG = 0x224
                    0x0224                  _U1TXREG = 0x224
                    0x0226                  U1RXREG = 0x226
                    0x0226                  _U1RXREG = 0x226
                    0x0228                  U1BRG = 0x228
                    0x0228                  _U1BRG = 0x228
                    0x0230                  U2MODE = 0x230
                    0x0230                  _U2MODE = 0x230
                    0x0230                  _U2MODEbits = 0x230
                    0x0232                  U2STA = 0x232
                    0x0232                  _U2STA = 0x232
                    0x0232                  _U2STAbits = 0x232
                    0x0234                  U2TXREG = 0x234
                    0x0234                  _U2TXREG = 0x234
                    0x0236                  U2RXREG = 0x236
                    0x0236                  _U2RXREG = 0x236
                    0x0238                  U2BRG = 0x238
                    0x0238                  _U2BRG = 0x238
                    0x0240                  SPI1STAT = 0x240
                    0x0240                  _SPI1STAT = 0x240
                    0x0240                  _SPI1STATbits = 0x240
                    0x0242                  SPI1CON1 = 0x242
                    0x0242                  _SPI1CON1 = 0x242
                    0x0242                  _SPI1CON1bits = 0x242
                    0x0244                  SPI1CON2 = 0x244
                    0x0244                  _SPI1CON2 = 0x244
                    0x0244                  _SPI1CON2bits = 0x244
                    0x0248                  SPI1BUF = 0x248
                    0x0248                  _SPI1BUF = 0x248
                    0x0250                  U3MODE = 0x250
                    0x0250                  _U3MODE = 0x250
                    0x0250                  _U3MODEbits = 0x250
                    0x0252                  U3STA = 0x252
                    0x0252                  _U3STA = 0x252
                    0x0252                  _U3STAbits = 0x252
                    0x0254                  U3TXREG = 0x254
                    0x0254                  _U3TXREG = 0x254
                    0x0256                  U3RXREG = 0x256
                    0x0256                  _U3RXREG = 0x256
                    0x0258                  U3BRG = 0x258
                    0x0258                  _U3BRG = 0x258
                    0x0260                  SPI2STAT = 0x260
                    0x0260                  _SPI2STAT = 0x260
                    0x0260                  _SPI2STATbits = 0x260
                    0x0262                  SPI2CON1 = 0x262
                    0x0262                  _SPI2CON1 = 0x262
                    0x0262                  _SPI2CON1bits = 0x262
                    0x0264                  SPI2CON2 = 0x264
                    0x0264                  _SPI2CON2 = 0x264
                    0x0264                  _SPI2CON2bits = 0x264
                    0x0268                  SPI2BUF = 0x268
                    0x0268                  _SPI2BUF = 0x268
                    0x0280                  DCICON1 = 0x280
                    0x0280                  _DCICON1 = 0x280
                    0x0280                  _DCICON1bits = 0x280
                    0x0282                  DCICON2 = 0x282
                    0x0282                  _DCICON2 = 0x282
                    0x0282                  _DCICON2bits = 0x282
                    0x0284                  DCICON3 = 0x284
                    0x0284                  _DCICON3 = 0x284
                    0x0284                  _DCICON3bits = 0x284
                    0x0286                  DCISTAT = 0x286
                    0x0286                  _DCISTAT = 0x286
                    0x0286                  _DCISTATbits = 0x286
                    0x0288                  TSCON = 0x288
                    0x0288                  _TSCON = 0x288
                    0x0288                  _TSCONbits = 0x288
                    0x028c                  RSCON = 0x28c
                    0x028c                  _RSCON = 0x28c
                    0x028c                  _RSCONbits = 0x28c
                    0x0290                  RXBUF0 = 0x290
                    0x0290                  _RXBUF0 = 0x290
                    0x0292                  RXBUF1 = 0x292
                    0x0292                  _RXBUF1 = 0x292
                    0x0294                  RXBUF2 = 0x294
                    0x0294                  _RXBUF2 = 0x294
                    0x0296                  RXBUF3 = 0x296
                    0x0296                  _RXBUF3 = 0x296
                    0x0298                  TXBUF0 = 0x298
                    0x0298                  _TXBUF0 = 0x298
                    0x029a                  TXBUF1 = 0x29a
                    0x029a                  _TXBUF1 = 0x29a
                    0x029c                  TXBUF2 = 0x29c
                    0x029c                  _TXBUF2 = 0x29c
                    0x029e                  TXBUF3 = 0x29e
                    0x029e                  _TXBUF3 = 0x29e
                    0x02a0                  SPI3STAT = 0x2a0
                    0x02a0                  _SPI3STAT = 0x2a0
                    0x02a0                  _SPI3STATbits = 0x2a0
                    0x02a2                  SPI3CON1 = 0x2a2
                    0x02a2                  _SPI3CON1 = 0x2a2
                    0x02a2                  _SPI3CON1bits = 0x2a2
                    0x02a4                  SPI3CON2 = 0x2a4
                    0x02a4                  _SPI3CON2 = 0x2a4
                    0x02a4                  _SPI3CON2bits = 0x2a4
                    0x02a8                  SPI3BUF = 0x2a8
                    0x02a8                  _SPI3BUF = 0x2a8
                    0x02b0                  U4MODE = 0x2b0
                    0x02b0                  _U4MODE = 0x2b0
                    0x02b0                  _U4MODEbits = 0x2b0
                    0x02b2                  U4STA = 0x2b2
                    0x02b2                  _U4STA = 0x2b2
                    0x02b2                  _U4STAbits = 0x2b2
                    0x02b4                  U4TXREG = 0x2b4
                    0x02b4                  _U4TXREG = 0x2b4
                    0x02b6                  U4RXREG = 0x2b6
                    0x02b6                  _U4RXREG = 0x2b6
                    0x02b8                  U4BRG = 0x2b8
                    0x02b8                  _U4BRG = 0x2b8
                    0x02c0                  SPI4STAT = 0x2c0
                    0x02c0                  _SPI4STAT = 0x2c0
                    0x02c0                  _SPI4STATbits = 0x2c0
                    0x02c2                  SPI4CON1 = 0x2c2
                    0x02c2                  _SPI4CON1 = 0x2c2
                    0x02c2                  _SPI4CON1bits = 0x2c2
                    0x02c4                  SPI4CON2 = 0x2c4
                    0x02c4                  _SPI4CON2 = 0x2c4
                    0x02c4                  _SPI4CON2bits = 0x2c4
                    0x02c8                  SPI4BUF = 0x2c8
                    0x02c8                  _SPI4BUF = 0x2c8
                    0x0300                  ADC1BUF0 = 0x300
                    0x0300                  _ADC1BUF0 = 0x300
                    0x0302                  ADC1BUF1 = 0x302
                    0x0302                  _ADC1BUF1 = 0x302
                    0x0304                  ADC1BUF2 = 0x304
                    0x0304                  _ADC1BUF2 = 0x304
                    0x0306                  ADC1BUF3 = 0x306
                    0x0306                  _ADC1BUF3 = 0x306
                    0x0308                  ADC1BUF4 = 0x308
                    0x0308                  _ADC1BUF4 = 0x308
                    0x030a                  ADC1BUF5 = 0x30a
                    0x030a                  _ADC1BUF5 = 0x30a
                    0x030c                  ADC1BUF6 = 0x30c
                    0x030c                  _ADC1BUF6 = 0x30c
                    0x030e                  ADC1BUF7 = 0x30e
                    0x030e                  _ADC1BUF7 = 0x30e
                    0x0310                  ADC1BUF8 = 0x310
                    0x0310                  _ADC1BUF8 = 0x310
                    0x0312                  ADC1BUF9 = 0x312
                    0x0312                  _ADC1BUF9 = 0x312
                    0x0314                  ADC1BUFA = 0x314
                    0x0314                  _ADC1BUFA = 0x314
                    0x0316                  ADC1BUFB = 0x316
                    0x0316                  _ADC1BUFB = 0x316
                    0x0318                  ADC1BUFC = 0x318
                    0x0318                  _ADC1BUFC = 0x318
                    0x031a                  ADC1BUFD = 0x31a
                    0x031a                  _ADC1BUFD = 0x31a
                    0x031c                  ADC1BUFE = 0x31c
                    0x031c                  _ADC1BUFE = 0x31c
                    0x031e                  ADC1BUFF = 0x31e
                    0x031e                  _ADC1BUFF = 0x31e
                    0x0320                  AD1CON1 = 0x320
                    0x0320                  _AD1CON1 = 0x320
                    0x0320                  _AD1CON1bits = 0x320
                    0x0322                  AD1CON2 = 0x322
                    0x0322                  _AD1CON2 = 0x322
                    0x0322                  _AD1CON2bits = 0x322
                    0x0324                  AD1CON3 = 0x324
                    0x0324                  _AD1CON3 = 0x324
                    0x0324                  _AD1CON3bits = 0x324
                    0x0326                  AD1CHS123 = 0x326
                    0x0326                  _AD1CHS123 = 0x326
                    0x0326                  _AD1CHS123bits = 0x326
                    0x0328                  AD1CHS0 = 0x328
                    0x0328                  _AD1CHS0 = 0x328
                    0x0328                  _AD1CHS0bits = 0x328
                    0x032e                  AD1CSSH = 0x32e
                    0x032e                  _AD1CSSH = 0x32e
                    0x032e                  _AD1CSSHbits = 0x32e
                    0x0330                  AD1CSSL = 0x330
                    0x0330                  _AD1CSSL = 0x330
                    0x0330                  _AD1CSSLbits = 0x330
                    0x0332                  AD1CON4 = 0x332
                    0x0332                  _AD1CON4 = 0x332
                    0x0332                  _AD1CON4bits = 0x332
                    0x0340                  ADC2BUF0 = 0x340
                    0x0340                  _ADC2BUF0 = 0x340
                    0x0342                  ADC2BUF1 = 0x342
                    0x0342                  _ADC2BUF1 = 0x342
                    0x0344                  ADC2BUF2 = 0x344
                    0x0344                  _ADC2BUF2 = 0x344
                    0x0346                  ADC2BUF3 = 0x346
                    0x0346                  _ADC2BUF3 = 0x346
                    0x0348                  ADC2BUF4 = 0x348
                    0x0348                  _ADC2BUF4 = 0x348
                    0x034a                  ADC2BUF5 = 0x34a
                    0x034a                  _ADC2BUF5 = 0x34a
                    0x034c                  ADC2BUF6 = 0x34c
                    0x034c                  _ADC2BUF6 = 0x34c
                    0x034e                  ADC2BUF7 = 0x34e
                    0x034e                  _ADC2BUF7 = 0x34e
                    0x0350                  ADC2BUF8 = 0x350
                    0x0350                  _ADC2BUF8 = 0x350
                    0x0352                  ADC2BUF9 = 0x352
                    0x0352                  _ADC2BUF9 = 0x352
                    0x0354                  ADC2BUFA = 0x354
                    0x0354                  _ADC2BUFA = 0x354
                    0x0356                  ADC2BUFB = 0x356
                    0x0356                  _ADC2BUFB = 0x356
                    0x0358                  ADC2BUFC = 0x358
                    0x0358                  _ADC2BUFC = 0x358
                    0x035a                  ADC2BUFD = 0x35a
                    0x035a                  _ADC2BUFD = 0x35a
                    0x035c                  ADC2BUFE = 0x35c
                    0x035c                  _ADC2BUFE = 0x35c
                    0x035e                  ADC2BUFF = 0x35e
                    0x035e                  _ADC2BUFF = 0x35e
                    0x0360                  AD2CON1 = 0x360
                    0x0360                  _AD2CON1 = 0x360
                    0x0360                  _AD2CON1bits = 0x360
                    0x0362                  AD2CON2 = 0x362
                    0x0362                  _AD2CON2 = 0x362
                    0x0362                  _AD2CON2bits = 0x362
                    0x0364                  AD2CON3 = 0x364
                    0x0364                  _AD2CON3 = 0x364
                    0x0364                  _AD2CON3bits = 0x364
                    0x0366                  AD2CHS123 = 0x366
                    0x0366                  _AD2CHS123 = 0x366
                    0x0366                  _AD2CHS123bits = 0x366
                    0x0368                  AD2CHS0 = 0x368
                    0x0368                  _AD2CHS0 = 0x368
                    0x0368                  _AD2CHS0bits = 0x368
                    0x0370                  AD2CSSL = 0x370
                    0x0370                  _AD2CSSL = 0x370
                    0x0370                  _AD2CSSLbits = 0x370
                    0x0372                  AD2CON4 = 0x372
                    0x0372                  _AD2CON4 = 0x372
                    0x0372                  _AD2CON4bits = 0x372
                    0x0400                  C1CTRL1 = 0x400
                    0x0400                  _C1CTRL1 = 0x400
                    0x0400                  _C1CTRL1bits = 0x400
                    0x0402                  C1CTRL2 = 0x402
                    0x0402                  _C1CTRL2 = 0x402
                    0x0402                  _C1CTRL2bits = 0x402
                    0x0404                  C1VEC = 0x404
                    0x0404                  _C1VEC = 0x404
                    0x0404                  _C1VECbits = 0x404
                    0x0406                  C1FCTRL = 0x406
                    0x0406                  _C1FCTRL = 0x406
                    0x0406                  _C1FCTRLbits = 0x406
                    0x0408                  C1FIFO = 0x408
                    0x0408                  _C1FIFO = 0x408
                    0x0408                  _C1FIFObits = 0x408
                    0x040a                  C1INTF = 0x40a
                    0x040a                  _C1INTF = 0x40a
                    0x040a                  _C1INTFbits = 0x40a
                    0x040c                  C1INTE = 0x40c
                    0x040c                  _C1INTE = 0x40c
                    0x040c                  _C1INTEbits = 0x40c
                    0x040e                  C1EC = 0x40e
                    0x040e                  _C1EC = 0x40e
                    0x040e                  _C1ECbits = 0x40e
                    0x040e                  C1RERRCNT = 0x40e
                    0x040e                  _C1RERRCNT = 0x40e
                    0x040f                  C1TERRCNT = 0x40f
                    0x040f                  _C1TERRCNT = 0x40f
                    0x0410                  C1CFG1 = 0x410
                    0x0410                  _C1CFG1 = 0x410
                    0x0410                  _C1CFG1bits = 0x410
                    0x0412                  C1CFG2 = 0x412
                    0x0412                  _C1CFG2 = 0x412
                    0x0412                  _C1CFG2bits = 0x412
                    0x0414                  C1FEN1 = 0x414
                    0x0414                  _C1FEN1 = 0x414
                    0x0414                  _C1FEN1bits = 0x414
                    0x0418                  C1FMSKSEL1 = 0x418
                    0x0418                  _C1FMSKSEL1 = 0x418
                    0x0418                  _C1FMSKSEL1bits = 0x418
                    0x041a                  C1FMSKSEL2 = 0x41a
                    0x041a                  _C1FMSKSEL2 = 0x41a
                    0x041a                  _C1FMSKSEL2bits = 0x41a
                    0x0420                  C1BUFPNT1 = 0x420
                    0x0420                  _C1BUFPNT1 = 0x420
                    0x0420                  _C1BUFPNT1bits = 0x420
                    0x0420                  C1RXFUL1 = 0x420
                    0x0420                  _C1RXFUL1 = 0x420
                    0x0420                  _C1RXFUL1bits = 0x420
                    0x0422                  C1BUFPNT2 = 0x422
                    0x0422                  _C1BUFPNT2 = 0x422
                    0x0422                  _C1BUFPNT2bits = 0x422